Copyright 1986-2016 Xilinx, Inc. All Rights Reserved.
-------------------------------------------------------------------------------------------
| Tool Version : Vivado v.2016.1 (lin64) Build 1538259 Fri Apr  8 15:45:23 MDT 2016
| Date         : Wed May 18 01:41:13 2016
| Host         : menorca running 64-bit Debian GNU/Linux 8.4 (jessie)
| Command      : report_control_sets -verbose -file zboard_wrapper_control_sets_placed.rpt
| Design       : zboard_wrapper
| Device       : xc7z020
-------------------------------------------------------------------------------------------

Control Set Information

Table of Contents
-----------------
1. Summary
2. Flip-Flop Distribution
3. Detailed Control Set Information

1. Summary
----------

+----------------------------------------------------------+-------+
|                          Status                          | Count |
+----------------------------------------------------------+-------+
| Number of unique control sets                            |    57 |
| Unused register locations in slices containing registers |   148 |
+----------------------------------------------------------+-------+


2. Flip-Flop Distribution
-------------------------

+--------------+-----------------------+------------------------+-----------------+--------------+
| Clock Enable | Synchronous Set/Reset | Asynchronous Set/Reset | Total Registers | Total Slices |
+--------------+-----------------------+------------------------+-----------------+--------------+
| No           | No                    | No                     |             885 |          254 |
| No           | No                    | Yes                    |             816 |          248 |
| No           | Yes                   | No                     |             175 |           72 |
| Yes          | No                    | No                     |             538 |          214 |
| Yes          | No                    | Yes                    |               0 |            0 |
| Yes          | Yes                   | No                     |             342 |          111 |
+--------------+-----------------------+------------------------+-----------------+--------------+


3. Detailed Control Set Information
-----------------------------------

+-----------------------------------------------+-------------------------------------------------------------------------------------------------------------------------------------------------------------------------------------------------------------------------------------------------------------------+-----------------------------------------------------------------------------------------------------------------------------------------------------------------------------------------------------------------------------------------------------------------+------------------+----------------+
|                  Clock Signal                 |                                                                                                                           Enable Signal                                                                                                                           |                                                                                                                         Set/Reset Signal                                                                                                                        | Slice Load Count | Bel Load Count |
+-----------------------------------------------+-------------------------------------------------------------------------------------------------------------------------------------------------------------------------------------------------------------------------------------------------------------------+-----------------------------------------------------------------------------------------------------------------------------------------------------------------------------------------------------------------------------------------------------------------+------------------+----------------+
|  zboard_i/processing_system7_0/inst/FCLK_CLK0 | zboard_i/processing_system7_0_axi_periph/s00_couplers/auto_us/inst/gen_upsizer.gen_full_upsizer.axi_upsizer_inst/USE_WRITE.gen_non_fifo_w_upsizer.write_data_inst/WORD_LANE[1].USE_ALWAYS_PACKER.BYTE_LANE[2].USE_RTL_DATA.USE_REGISTER.M_AXI_WDATA_I[55]_i_1_n_0 | zboard_i/processing_system7_0_axi_periph/s00_couplers/auto_us/inst/gen_upsizer.gen_full_upsizer.axi_upsizer_inst/USE_WRITE.gen_non_fifo_w_upsizer.write_data_inst/WORD_LANE[1].USE_ALWAYS_PACKER.BYTE_LANE[3].USE_RTL_DATA.USE_REGISTER.M_AXI_WDATA_I_reg[56]_0 |                1 |              1 |
|  zboard_i/processing_system7_0/inst/FCLK_CLK0 | zboard_i/processing_system7_0_axi_periph/s00_couplers/auto_us/inst/gen_upsizer.gen_full_upsizer.axi_upsizer_inst/USE_WRITE.gen_non_fifo_w_upsizer.write_data_inst/WORD_LANE[1].USE_ALWAYS_PACKER.BYTE_LANE[3].USE_RTL_DATA.USE_REGISTER.M_AXI_WDATA_I[63]_i_1_n_0 | zboard_i/processing_system7_0_axi_periph/s00_couplers/auto_us/inst/gen_upsizer.gen_full_upsizer.axi_upsizer_inst/USE_WRITE.gen_non_fifo_w_upsizer.write_data_inst/WORD_LANE[1].USE_ALWAYS_PACKER.BYTE_LANE[3].USE_RTL_DATA.USE_REGISTER.M_AXI_WDATA_I_reg[56]_0 |                1 |              1 |
|  zboard_i/processing_system7_0/inst/FCLK_CLK0 | zboard_i/processing_system7_0_axi_periph/s00_couplers/auto_us/inst/gen_upsizer.gen_full_upsizer.axi_upsizer_inst/USE_WRITE.gen_non_fifo_w_upsizer.write_data_inst/WORD_LANE[1].USE_ALWAYS_PACKER.BYTE_LANE[1].USE_RTL_DATA.USE_REGISTER.M_AXI_WDATA_I[47]_i_1_n_0 | zboard_i/processing_system7_0_axi_periph/s00_couplers/auto_us/inst/gen_upsizer.gen_full_upsizer.axi_upsizer_inst/USE_WRITE.gen_non_fifo_w_upsizer.write_data_inst/WORD_LANE[1].USE_ALWAYS_PACKER.BYTE_LANE[3].USE_RTL_DATA.USE_REGISTER.M_AXI_WDATA_I_reg[56]_0 |                1 |              1 |
|  zboard_i/processing_system7_0/inst/FCLK_CLK0 | zboard_i/processing_system7_0_axi_periph/s00_couplers/auto_us/inst/gen_upsizer.gen_full_upsizer.axi_upsizer_inst/USE_WRITE.write_addr_inst/GEN_CMD_QUEUE.cmd_queue/WORD_LANE[1].USE_ALWAYS_PACKER.BYTE_LANE[1].USE_RTL_DATA.wdata_wrap_buffer_q_reg[47][0]        | zboard_i/processing_system7_0_axi_periph/s00_couplers/auto_us/inst/gen_upsizer.gen_full_upsizer.axi_upsizer_inst/USE_WRITE.gen_non_fifo_w_upsizer.write_data_inst/WORD_LANE[0].USE_ALWAYS_PACKER.BYTE_LANE[0].USE_RTL_DATA.wdata_wrap_buffer_q[7]_i_1_n_0       |                1 |              1 |
|  zboard_i/processing_system7_0/inst/FCLK_CLK0 | zboard_i/processing_system7_0_axi_periph/s00_couplers/auto_us/inst/gen_upsizer.gen_full_upsizer.axi_upsizer_inst/USE_WRITE.write_addr_inst/GEN_CMD_QUEUE.cmd_queue/WORD_LANE[1].USE_ALWAYS_PACKER.BYTE_LANE[2].USE_RTL_DATA.wdata_wrap_buffer_q_reg[55][0]        | zboard_i/processing_system7_0_axi_periph/s00_couplers/auto_us/inst/gen_upsizer.gen_full_upsizer.axi_upsizer_inst/USE_WRITE.gen_non_fifo_w_upsizer.write_data_inst/WORD_LANE[0].USE_ALWAYS_PACKER.BYTE_LANE[0].USE_RTL_DATA.wdata_wrap_buffer_q[7]_i_1_n_0       |                1 |              1 |
|  zboard_i/processing_system7_0/inst/FCLK_CLK0 | zboard_i/processing_system7_0_axi_periph/s00_couplers/auto_us/inst/gen_upsizer.gen_full_upsizer.axi_upsizer_inst/USE_WRITE.write_addr_inst/GEN_CMD_QUEUE.cmd_queue/WORD_LANE[1].USE_ALWAYS_PACKER.BYTE_LANE[3].USE_RTL_DATA.wdata_wrap_buffer_q_reg[63][0]        | zboard_i/processing_system7_0_axi_periph/s00_couplers/auto_us/inst/gen_upsizer.gen_full_upsizer.axi_upsizer_inst/USE_WRITE.gen_non_fifo_w_upsizer.write_data_inst/WORD_LANE[0].USE_ALWAYS_PACKER.BYTE_LANE[0].USE_RTL_DATA.wdata_wrap_buffer_q[7]_i_1_n_0       |                1 |              1 |
|  zboard_i/processing_system7_0/inst/FCLK_CLK0 |                                                                                                                                                                                                                                                                   | zboard_i/rst_processing_system7_0_100M/U0/EXT_LPF/lpf_int                                                                                                                                                                                                       |                2 |              4 |
|  zboard_i/processing_system7_0/inst/FCLK_CLK0 | zboard_i/processing_system7_0_axi_periph/s00_couplers/auto_us/inst/gen_upsizer.gen_full_upsizer.axi_upsizer_inst/USE_READ.read_addr_inst/GEN_CMD_QUEUE.cmd_queue/addr_q                                                                                           | zboard_i/processing_system7_0_axi_periph/s00_couplers/auto_us/inst/gen_upsizer.gen_full_upsizer.axi_upsizer_inst/USE_WRITE.gen_non_fifo_w_upsizer.write_data_inst/WORD_LANE[1].USE_ALWAYS_PACKER.BYTE_LANE[3].USE_RTL_DATA.USE_REGISTER.M_AXI_WDATA_I_reg[56]_0 |                2 |              5 |
|  zboard_i/processing_system7_0/inst/FCLK_CLK0 | zboard_i/processing_system7_0_axi_periph/s00_couplers/auto_us/inst/gen_upsizer.gen_full_upsizer.axi_upsizer_inst/USE_READ.read_addr_inst/gen_id_queue.id_queue/addr_q                                                                                             | zboard_i/processing_system7_0_axi_periph/s00_couplers/auto_us/inst/gen_upsizer.gen_full_upsizer.axi_upsizer_inst/USE_WRITE.gen_non_fifo_w_upsizer.write_data_inst/WORD_LANE[1].USE_ALWAYS_PACKER.BYTE_LANE[3].USE_RTL_DATA.USE_REGISTER.M_AXI_WDATA_I_reg[56]_0 |                2 |              5 |
|  zboard_i/processing_system7_0/inst/FCLK_CLK0 | zboard_i/processing_system7_0_axi_periph/s00_couplers/auto_us/inst/gen_upsizer.gen_full_upsizer.axi_upsizer_inst/USE_WRITE.write_addr_inst/GEN_CMD_QUEUE.cmd_queue/addr_q                                                                                         | zboard_i/processing_system7_0_axi_periph/s00_couplers/auto_us/inst/gen_upsizer.gen_full_upsizer.axi_upsizer_inst/USE_WRITE.gen_non_fifo_w_upsizer.write_data_inst/WORD_LANE[1].USE_ALWAYS_PACKER.BYTE_LANE[3].USE_RTL_DATA.USE_REGISTER.M_AXI_WDATA_I_reg[56]_0 |                2 |              5 |
|  zboard_i/processing_system7_0/inst/FCLK_CLK0 | zboard_i/processing_system7_0_axi_periph/s00_couplers/auto_us/inst/gen_upsizer.gen_full_upsizer.axi_upsizer_inst/USE_WRITE.write_addr_inst/gen_id_queue.id_queue/addr_q                                                                                           | zboard_i/processing_system7_0_axi_periph/s00_couplers/auto_us/inst/gen_upsizer.gen_full_upsizer.axi_upsizer_inst/USE_WRITE.gen_non_fifo_w_upsizer.write_data_inst/WORD_LANE[1].USE_ALWAYS_PACKER.BYTE_LANE[3].USE_RTL_DATA.USE_REGISTER.M_AXI_WDATA_I_reg[56]_0 |                2 |              5 |
|  zboard_i/processing_system7_0/inst/FCLK_CLK0 | zboard_i/axi_slave_top_wrapper_0/inst/top0/ctrl/r_input_addr2                                                                                                                                                                                                     | zboard_i/axi_slave_top_wrapper_0/inst/top0/core0/conv/tree/r_fmap_reg[0]_0                                                                                                                                                                                      |                2 |              5 |
|  zboard_i/processing_system7_0/inst/FCLK_CLK0 | zboard_i/rst_processing_system7_0_100M/U0/SEQ/seq_cnt_en                                                                                                                                                                                                          | zboard_i/rst_processing_system7_0_100M/U0/SEQ/SEQ_COUNTER/clear                                                                                                                                                                                                 |                1 |              6 |
|  zboard_i/processing_system7_0/inst/FCLK_CLK0 |                                                                                                                                                                                                                                                                   | zboard_i/processing_system7_0_axi_periph/s00_couplers/auto_us/inst/gen_upsizer.gen_full_upsizer.axi_upsizer_inst/USE_WRITE.gen_non_fifo_w_upsizer.write_data_inst/WORD_LANE[0].USE_ALWAYS_PACKER.BYTE_LANE[0].USE_RTL_DATA.wdata_wrap_buffer_q[7]_i_1_n_0       |                5 |              7 |
|  zboard_i/processing_system7_0/inst/FCLK_CLK0 | zboard_i/processing_system7_0_axi_periph/s00_couplers/auto_us/inst/gen_upsizer.gen_full_upsizer.axi_upsizer_inst/USE_READ.read_addr_inst/GEN_CMD_QUEUE.cmd_queue/E[0]                                                                                             | zboard_i/processing_system7_0_axi_periph/s00_couplers/auto_us/inst/gen_upsizer.gen_full_upsizer.axi_upsizer_inst/USE_WRITE.gen_non_fifo_w_upsizer.write_data_inst/WORD_LANE[1].USE_ALWAYS_PACKER.BYTE_LANE[3].USE_RTL_DATA.USE_REGISTER.M_AXI_WDATA_I_reg[56]_0 |                3 |              7 |
|  zboard_i/processing_system7_0/inst/FCLK_CLK0 | zboard_i/processing_system7_0_axi_periph/s00_couplers/auto_us/inst/gen_upsizer.gen_full_upsizer.axi_upsizer_inst/USE_WRITE.write_addr_inst/GEN_CMD_QUEUE.cmd_queue/E[0]                                                                                           | zboard_i/processing_system7_0_axi_periph/s00_couplers/auto_us/inst/gen_upsizer.gen_full_upsizer.axi_upsizer_inst/USE_WRITE.gen_non_fifo_w_upsizer.write_data_inst/WORD_LANE[1].USE_ALWAYS_PACKER.BYTE_LANE[3].USE_RTL_DATA.USE_REGISTER.M_AXI_WDATA_I_reg[56]_0 |                3 |              7 |
|  zboard_i/processing_system7_0/inst/FCLK_CLK0 | zboard_i/axi_slave_top_wrapper_0/inst/top0/ctrl/p_4_in                                                                                                                                                                                                            | zboard_i/axi_slave_top_wrapper_0/inst/top0/ctrl/r_feat_addr_d0[6]_i_1_n_0                                                                                                                                                                                       |                3 |              7 |
|  zboard_i/processing_system7_0/inst/FCLK_CLK0 | zboard_i/axi_slave_top_wrapper_0/inst/top0/ctrl/conv_end1                                                                                                                                                                                                         | zboard_i/axi_slave_top_wrapper_0/inst/top0/ctrl/r_conv_x[7]_i_1_n_0                                                                                                                                                                                             |                2 |              8 |
|  zboard_i/processing_system7_0/inst/FCLK_CLK0 | zboard_i/processing_system7_0_axi_periph/s00_couplers/auto_us/inst/gen_upsizer.gen_full_upsizer.axi_upsizer_inst/USE_WRITE.gen_non_fifo_w_upsizer.write_data_inst/WORD_LANE[0].USE_ALWAYS_PACKER.BYTE_LANE[3].USE_RTL_DATA.USE_REGISTER.M_AXI_WDATA_I[31]_i_1_n_0 | zboard_i/processing_system7_0_axi_periph/s00_couplers/auto_us/inst/gen_upsizer.gen_full_upsizer.axi_upsizer_inst/USE_WRITE.gen_non_fifo_w_upsizer.write_data_inst/WORD_LANE[1].USE_ALWAYS_PACKER.BYTE_LANE[3].USE_RTL_DATA.USE_REGISTER.M_AXI_WDATA_I_reg[56]_0 |                3 |              8 |
|  zboard_i/processing_system7_0/inst/FCLK_CLK0 | zboard_i/processing_system7_0_axi_periph/s00_couplers/auto_us/inst/gen_upsizer.gen_full_upsizer.axi_upsizer_inst/USE_WRITE.gen_non_fifo_w_upsizer.write_data_inst/WORD_LANE[0].USE_ALWAYS_PACKER.BYTE_LANE[2].USE_RTL_DATA.USE_REGISTER.M_AXI_WDATA_I[23]_i_1_n_0 | zboard_i/processing_system7_0_axi_periph/s00_couplers/auto_us/inst/gen_upsizer.gen_full_upsizer.axi_upsizer_inst/USE_WRITE.gen_non_fifo_w_upsizer.write_data_inst/WORD_LANE[1].USE_ALWAYS_PACKER.BYTE_LANE[3].USE_RTL_DATA.USE_REGISTER.M_AXI_WDATA_I_reg[56]_0 |                3 |              8 |
|  zboard_i/processing_system7_0/inst/FCLK_CLK0 | zboard_i/processing_system7_0_axi_periph/s00_couplers/auto_us/inst/gen_upsizer.gen_full_upsizer.axi_upsizer_inst/USE_WRITE.gen_non_fifo_w_upsizer.write_data_inst/WORD_LANE[0].USE_ALWAYS_PACKER.BYTE_LANE[1].USE_RTL_DATA.USE_REGISTER.M_AXI_WDATA_I[15]_i_1_n_0 | zboard_i/processing_system7_0_axi_periph/s00_couplers/auto_us/inst/gen_upsizer.gen_full_upsizer.axi_upsizer_inst/USE_WRITE.gen_non_fifo_w_upsizer.write_data_inst/WORD_LANE[1].USE_ALWAYS_PACKER.BYTE_LANE[3].USE_RTL_DATA.USE_REGISTER.M_AXI_WDATA_I_reg[56]_0 |                3 |              8 |
|  zboard_i/processing_system7_0/inst/FCLK_CLK0 | zboard_i/processing_system7_0_axi_periph/s00_couplers/auto_us/inst/gen_upsizer.gen_full_upsizer.axi_upsizer_inst/USE_WRITE.gen_non_fifo_w_upsizer.write_data_inst/WORD_LANE[0].USE_ALWAYS_PACKER.BYTE_LANE[0].USE_RTL_DATA.USE_REGISTER.M_AXI_WDATA_I[7]_i_1_n_0  | zboard_i/processing_system7_0_axi_periph/s00_couplers/auto_us/inst/gen_upsizer.gen_full_upsizer.axi_upsizer_inst/USE_WRITE.gen_non_fifo_w_upsizer.write_data_inst/WORD_LANE[1].USE_ALWAYS_PACKER.BYTE_LANE[3].USE_RTL_DATA.USE_REGISTER.M_AXI_WDATA_I_reg[56]_0 |                2 |              8 |
|  zboard_i/processing_system7_0/inst/FCLK_CLK0 | zboard_i/processing_system7_0_axi_periph/s00_couplers/auto_us/inst/gen_upsizer.gen_full_upsizer.axi_upsizer_inst/USE_WRITE.write_addr_inst/GEN_CMD_QUEUE.cmd_queue/WORD_LANE[0].USE_ALWAYS_PACKER.BYTE_LANE[0].USE_RTL_DATA.wdata_wrap_buffer_q_reg[7]_0[0]       | zboard_i/processing_system7_0_axi_periph/s00_couplers/auto_us/inst/gen_upsizer.gen_full_upsizer.axi_upsizer_inst/USE_WRITE.gen_non_fifo_w_upsizer.write_data_inst/WORD_LANE[0].USE_ALWAYS_PACKER.BYTE_LANE[0].USE_RTL_DATA.wdata_wrap_buffer_q[7]_i_1_n_0       |                2 |              8 |
|  zboard_i/processing_system7_0/inst/FCLK_CLK0 | zboard_i/processing_system7_0_axi_periph/s00_couplers/auto_us/inst/gen_upsizer.gen_full_upsizer.axi_upsizer_inst/USE_WRITE.write_addr_inst/GEN_CMD_QUEUE.cmd_queue/WORD_LANE[0].USE_ALWAYS_PACKER.BYTE_LANE[3].USE_RTL_DATA.wdata_wrap_buffer_q_reg[31][0]        | zboard_i/processing_system7_0_axi_periph/s00_couplers/auto_us/inst/gen_upsizer.gen_full_upsizer.axi_upsizer_inst/USE_WRITE.gen_non_fifo_w_upsizer.write_data_inst/WORD_LANE[0].USE_ALWAYS_PACKER.BYTE_LANE[0].USE_RTL_DATA.wdata_wrap_buffer_q[7]_i_1_n_0       |                1 |              8 |
|  zboard_i/processing_system7_0/inst/FCLK_CLK0 | zboard_i/processing_system7_0_axi_periph/s00_couplers/auto_us/inst/gen_upsizer.gen_full_upsizer.axi_upsizer_inst/USE_WRITE.write_addr_inst/GEN_CMD_QUEUE.cmd_queue/WORD_LANE[0].USE_ALWAYS_PACKER.BYTE_LANE[1].USE_RTL_DATA.wdata_wrap_buffer_q_reg[15][0]        | zboard_i/processing_system7_0_axi_periph/s00_couplers/auto_us/inst/gen_upsizer.gen_full_upsizer.axi_upsizer_inst/USE_WRITE.gen_non_fifo_w_upsizer.write_data_inst/WORD_LANE[0].USE_ALWAYS_PACKER.BYTE_LANE[0].USE_RTL_DATA.wdata_wrap_buffer_q[7]_i_1_n_0       |                1 |              8 |
|  zboard_i/processing_system7_0/inst/FCLK_CLK0 | zboard_i/processing_system7_0_axi_periph/s00_couplers/auto_us/inst/gen_upsizer.gen_full_upsizer.axi_upsizer_inst/USE_WRITE.write_addr_inst/GEN_CMD_QUEUE.cmd_queue/WORD_LANE[0].USE_ALWAYS_PACKER.BYTE_LANE[2].USE_RTL_DATA.wdata_wrap_buffer_q_reg[23][0]        | zboard_i/processing_system7_0_axi_periph/s00_couplers/auto_us/inst/gen_upsizer.gen_full_upsizer.axi_upsizer_inst/USE_WRITE.gen_non_fifo_w_upsizer.write_data_inst/WORD_LANE[0].USE_ALWAYS_PACKER.BYTE_LANE[0].USE_RTL_DATA.wdata_wrap_buffer_q[7]_i_1_n_0       |                2 |              8 |
|  zboard_i/processing_system7_0/inst/FCLK_CLK0 | zboard_i/axi_slave_top_wrapper_0/inst/top0/ctrl/r_count_in[7]_i_1_n_0                                                                                                                                                                                             | zboard_i/axi_slave_top_wrapper_0/inst/top0/core0/conv/tree/r_fmap_reg[0]_0                                                                                                                                                                                      |                2 |              8 |
|  zboard_i/processing_system7_0/inst/FCLK_CLK0 | zboard_i/axi_slave_top_wrapper_0/inst/top0/ctrl/r_conv_we_d00                                                                                                                                                                                                     | zboard_i/axi_slave_top_wrapper_0/inst/top0/ctrl/r_pool_x[7]_i_1_n_0                                                                                                                                                                                             |                2 |              8 |
|  zboard_i/processing_system7_0/inst/FCLK_CLK0 | zboard_i/axi_slave_top_wrapper_0/inst/top0/ctrl/r_pool_x                                                                                                                                                                                                          | zboard_i/axi_slave_top_wrapper_0/inst/top0/ctrl/r_pool_y[7]_i_1_n_0                                                                                                                                                                                             |                2 |              8 |
|  zboard_i/processing_system7_0/inst/FCLK_CLK0 | zboard_i/axi_slave_top_wrapper_0/inst/top0/ctrl/p_11_in                                                                                                                                                                                                           | zboard_i/axi_slave_top_wrapper_0/inst/top0/ctrl/r_wreg_y[7]_i_1_n_0                                                                                                                                                                                             |                3 |              8 |
|  zboard_i/processing_system7_0/inst/FCLK_CLK0 | zboard_i/axi_slave_top_wrapper_0/inst/top0/ctrl/r_state[1]                                                                                                                                                                                                        | zboard_i/axi_slave_top_wrapper_0/inst/top0/ctrl/r_wreg_x[7]_i_1_n_0                                                                                                                                                                                             |                3 |              8 |
|  zboard_i/processing_system7_0/inst/FCLK_CLK0 | zboard_i/axi_slave_top_wrapper_0/inst/top0/ctrl/p_8_in                                                                                                                                                                                                            | zboard_i/axi_slave_top_wrapper_0/inst/top0/ctrl/r_conv_y[7]_i_1_n_0                                                                                                                                                                                             |                2 |              8 |
|  zboard_i/processing_system7_0/inst/FCLK_CLK0 | zboard_i/axi_slave_top_wrapper_0/inst/rdata_count[8]_i_1_n_0                                                                                                                                                                                                      | zboard_i/axi_slave_top_wrapper_0/inst/clear                                                                                                                                                                                                                     |                2 |              9 |
|  zboard_i/processing_system7_0/inst/FCLK_CLK0 | zboard_i/processing_system7_0_axi_periph/s00_couplers/auto_us/inst/gen_upsizer.gen_full_upsizer.axi_upsizer_inst/USE_WRITE.gen_non_fifo_w_upsizer.write_data_inst/p_251_in                                                                                        | zboard_i/processing_system7_0_axi_periph/s00_couplers/auto_us/inst/gen_upsizer.gen_full_upsizer.axi_upsizer_inst/USE_WRITE.gen_non_fifo_w_upsizer.write_data_inst/WORD_LANE[1].USE_ALWAYS_PACKER.BYTE_LANE[3].USE_RTL_DATA.USE_REGISTER.M_AXI_WDATA_I_reg[56]_0 |                4 |              9 |
|  zboard_i/processing_system7_0/inst/FCLK_CLK0 | zboard_i/processing_system7_0_axi_periph/s00_couplers/auto_us/inst/gen_upsizer.gen_full_upsizer.axi_upsizer_inst/USE_READ.gen_non_fifo_r_upsizer.mi_register_slice_inst/r_pipe/pop_mi_data                                                                        | zboard_i/processing_system7_0_axi_periph/s00_couplers/auto_us/inst/gen_upsizer.gen_full_upsizer.axi_upsizer_inst/USE_WRITE.gen_non_fifo_w_upsizer.write_data_inst/WORD_LANE[1].USE_ALWAYS_PACKER.BYTE_LANE[3].USE_RTL_DATA.USE_REGISTER.M_AXI_WDATA_I_reg[56]_0 |                5 |              9 |
|  zboard_i/processing_system7_0/inst/FCLK_CLK0 | zboard_i/axi_slave_top_wrapper_0/inst/top0/ctrl/r_output_addr_reg[9]_0[0]                                                                                                                                                                                         | zboard_i/axi_slave_top_wrapper_0/inst/top0/core0/conv/tree/r_fmap_reg[0]_0                                                                                                                                                                                      |                3 |             10 |
|  zboard_i/processing_system7_0/inst/FCLK_CLK0 | zboard_i/axi_slave_top_wrapper_0/inst/top0/ctrl/r_input_addr[0]_i_1_n_0                                                                                                                                                                                           | zboard_i/axi_slave_top_wrapper_0/inst/top0/core0/conv/tree/r_fmap_reg[0]_0                                                                                                                                                                                      |                3 |             12 |
|  zboard_i/processing_system7_0/inst/FCLK_CLK0 | zboard_i/processing_system7_0_axi_periph/s00_couplers/auto_us/inst/gen_upsizer.gen_full_upsizer.axi_upsizer_inst/USE_WRITE.write_addr_inst/gen_id_queue.id_queue/M_READY_I                                                                                        | zboard_i/processing_system7_0_axi_periph/s00_couplers/auto_us/inst/gen_upsizer.gen_full_upsizer.axi_upsizer_inst/USE_WRITE.gen_non_fifo_w_upsizer.write_data_inst/WORD_LANE[1].USE_ALWAYS_PACKER.BYTE_LANE[3].USE_RTL_DATA.USE_REGISTER.M_AXI_WDATA_I_reg[56]_0 |                4 |             13 |
|  zboard_i/processing_system7_0/inst/FCLK_CLK0 | zboard_i/axi_slave_top_wrapper_0/inst/top0/ctrl/r_weight_addr[0]_i_1_n_0                                                                                                                                                                                          | zboard_i/axi_slave_top_wrapper_0/inst/top0/core0/conv/tree/r_fmap_reg[0]_0                                                                                                                                                                                      |                4 |             13 |
|  zboard_i/processing_system7_0/inst/FCLK_CLK0 | zboard_i/processing_system7_0_axi_periph/s00_couplers/auto_us/inst/gen_upsizer.gen_full_upsizer.axi_upsizer_inst/USE_READ.gen_non_fifo_r_upsizer.read_data_inst/M_READY_I                                                                                         | zboard_i/processing_system7_0_axi_periph/s00_couplers/auto_us/inst/gen_upsizer.gen_full_upsizer.axi_upsizer_inst/USE_WRITE.gen_non_fifo_w_upsizer.write_data_inst/WORD_LANE[1].USE_ALWAYS_PACKER.BYTE_LANE[3].USE_RTL_DATA.USE_REGISTER.M_AXI_WDATA_I_reg[56]_0 |                4 |             13 |
|  zboard_i/processing_system7_0/inst/FCLK_CLK0 | zboard_i/axi_slave_top_wrapper_0/inst/top0/ctrl/r_pool_we_d9_reg_0[0]                                                                                                                                                                                             |                                                                                                                                                                                                                                                                 |                8 |             16 |
|  zboard_i/processing_system7_0/inst/FCLK_CLK0 |                                                                                                                                                                                                                                                                   | zboard_i/axi_slave_top_wrapper_0/inst/r_output_re_reg[0]_inv_n_0                                                                                                                                                                                                |                5 |             16 |
|  zboard_i/processing_system7_0/inst/FCLK_CLK0 | zboard_i/axi_slave_top_wrapper_0/inst/top0/ctrl/E[0]                                                                                                                                                                                                              |                                                                                                                                                                                                                                                                 |                4 |             16 |
|  zboard_i/processing_system7_0/inst/FCLK_CLK0 |                                                                                                                                                                                                                                                                   | zboard_i/processing_system7_0_axi_periph/s00_couplers/auto_us/inst/gen_upsizer.gen_full_upsizer.axi_upsizer_inst/USE_WRITE.gen_non_fifo_w_upsizer.write_data_inst/WORD_LANE[1].USE_ALWAYS_PACKER.BYTE_LANE[3].USE_RTL_DATA.USE_REGISTER.M_AXI_WDATA_I_reg[56]_0 |               11 |             17 |
|  zboard_i/processing_system7_0/inst/FCLK_CLK0 | zboard_i/processing_system7_0_axi_periph/s00_couplers/auto_us/inst/gen_upsizer.gen_full_upsizer.axi_upsizer_inst/USE_READ.read_addr_inst/GEN_CMD_QUEUE.cmd_queue/M_AXI_RDATA_I_reg[63][0]                                                                         | zboard_i/processing_system7_0_axi_periph/s00_couplers/auto_us/inst/gen_upsizer.gen_full_upsizer.axi_upsizer_inst/USE_WRITE.gen_non_fifo_w_upsizer.write_data_inst/WORD_LANE[1].USE_ALWAYS_PACKER.BYTE_LANE[3].USE_RTL_DATA.USE_REGISTER.M_AXI_WDATA_I_reg[56]_0 |                5 |             18 |
|  zboard_i/processing_system7_0/inst/FCLK_CLK0 | zboard_i/processing_system7_0_axi_periph/s00_couplers/auto_us/inst/gen_upsizer.gen_full_upsizer.axi_upsizer_inst/USE_READ.read_addr_inst/GEN_CMD_QUEUE.cmd_queue/m_payload_i_reg[0][0]                                                                            |                                                                                                                                                                                                                                                                 |                6 |             19 |
|  zboard_i/processing_system7_0/inst/FCLK_CLK0 | zboard_i/processing_system7_0_axi_periph/s00_couplers/auto_us/inst/gen_upsizer.gen_full_upsizer.axi_upsizer_inst/USE_READ.gen_non_fifo_r_upsizer.mi_register_slice_inst/r_pipe/skid_buffer_reg[66]_0                                                              |                                                                                                                                                                                                                                                                 |                6 |             19 |
|  zboard_i/processing_system7_0/inst/FCLK_CLK0 | zboard_i/processing_system7_0_axi_periph/s00_couplers/auto_us/inst/gen_upsizer.gen_full_upsizer.axi_upsizer_inst/USE_READ.read_addr_inst/GEN_CMD_QUEUE.cmd_queue/USE_FF_OUT.USE_RTL_OUTPUT_PIPELINE.M_MESG_Q[29]_i_1__0_n_0                                       | zboard_i/processing_system7_0_axi_periph/s00_couplers/auto_us/inst/gen_upsizer.gen_full_upsizer.axi_upsizer_inst/USE_WRITE.gen_non_fifo_w_upsizer.write_data_inst/WORD_LANE[1].USE_ALWAYS_PACKER.BYTE_LANE[3].USE_RTL_DATA.USE_REGISTER.M_AXI_WDATA_I_reg[56]_0 |                9 |             29 |
|  zboard_i/processing_system7_0/inst/FCLK_CLK0 | zboard_i/processing_system7_0_axi_periph/s00_couplers/auto_us/inst/gen_upsizer.gen_full_upsizer.axi_upsizer_inst/USE_WRITE.gen_non_fifo_w_upsizer.write_data_inst/USE_FF_OUT.USE_RTL_OUTPUT_PIPELINE.M_MESG_Q_reg[29]                                             | zboard_i/processing_system7_0_axi_periph/s00_couplers/auto_us/inst/gen_upsizer.gen_full_upsizer.axi_upsizer_inst/USE_WRITE.gen_non_fifo_w_upsizer.write_data_inst/WORD_LANE[1].USE_ALWAYS_PACKER.BYTE_LANE[3].USE_RTL_DATA.USE_REGISTER.M_AXI_WDATA_I_reg[56]_0 |                9 |             29 |
|  zboard_i/processing_system7_0/inst/FCLK_CLK0 | zboard_i/processing_system7_0_axi_periph/s00_couplers/auto_us/inst/gen_upsizer.gen_full_upsizer.axi_upsizer_inst/si_register_slice_inst/ar_pipe/m_payload_i[31]_i_1__0_n_0                                                                                        |                                                                                                                                                                                                                                                                 |                6 |             31 |
|  zboard_i/processing_system7_0/inst/FCLK_CLK0 | zboard_i/processing_system7_0_axi_periph/s00_couplers/auto_us/inst/gen_upsizer.gen_full_upsizer.axi_upsizer_inst/USE_READ.read_addr_inst/GEN_CMD_QUEUE.cmd_queue/valid_Write                                                                                      |                                                                                                                                                                                                                                                                 |               11 |             40 |
|  zboard_i/processing_system7_0/inst/FCLK_CLK0 | zboard_i/processing_system7_0_axi_periph/s00_couplers/auto_us/inst/gen_upsizer.gen_full_upsizer.axi_upsizer_inst/USE_WRITE.write_addr_inst/GEN_CMD_QUEUE.cmd_queue/valid_Write                                                                                    |                                                                                                                                                                                                                                                                 |               11 |             40 |
|  zboard_i/processing_system7_0/inst/FCLK_CLK0 | zboard_i/processing_system7_0_axi_periph/s00_couplers/auto_us/inst/gen_upsizer.gen_full_upsizer.axi_upsizer_inst/si_register_slice_inst/aw_pipe/m_payload_i[31]_i_1_n_0                                                                                           |                                                                                                                                                                                                                                                                 |               12 |             53 |
|  zboard_i/processing_system7_0/inst/FCLK_CLK0 |                                                                                                                                                                                                                                                                   | zboard_i/axi_slave_top_wrapper_0/inst/clear                                                                                                                                                                                                                     |               39 |            103 |
|  zboard_i/processing_system7_0/inst/FCLK_CLK0 | zboard_i/axi_slave_top_wrapper_0/inst/top0/ctrl/wreg_we                                                                                                                                                                                                           |                                                                                                                                                                                                                                                                 |              172 |            384 |
|  zboard_i/processing_system7_0/inst/FCLK_CLK0 |                                                                                                                                                                                                                                                                   | zboard_i/axi_slave_top_wrapper_0/inst/top0/core0/conv/tree/r_fmap_reg[0]_0                                                                                                                                                                                      |              258 |            844 |
|  zboard_i/processing_system7_0/inst/FCLK_CLK0 |                                                                                                                                                                                                                                                                   |                                                                                                                                                                                                                                                                 |              267 |            977 |
+-----------------------------------------------+-------------------------------------------------------------------------------------------------------------------------------------------------------------------------------------------------------------------------------------------------------------------+-----------------------------------------------------------------------------------------------------------------------------------------------------------------------------------------------------------------------------------------------------------------+------------------+----------------+


